
> modern-app@0.0.0 build
> npm run build:functions && npm run build:frontend


> modern-app@0.0.0 build:functions
> cd functions && npm run build


> buscatours-functions@1.0.0 build
> tsc


> modern-app@0.0.0 build:frontend
> vite build

[36mvite v8.0.16 [32mbuilding client environment for production...[36m[39m
[2K
transforming...Γ£ô 1871 modules transformed.
node.exe : [31mΓ£ù[39m Build failed in 668ms
En línea: 1 Carácter: 1
+ & "C:\Program Files\nodejs/node.exe" "C:\Program Files\nodejs/node_mo ...
+ ~~~~~~~~~~~~~~~~~~~~~~~~~~~~~~~~~~~~~~~~~~~~~~~~~~~~~~~~~~~~~~~~~~~~~
    + CategoryInfo          : NotSpecified: ([31mΓ£ù[39m Build failed in 668ms:String) [], RemoteException
    + FullyQualifiedErrorId : NativeCommandError
 
[31merror during build:
[31mBuild failed with 1 error:

[31m[builtin:vite-transform] [0mUnterminated regular expression
     [38;5;246mΓò¡[0m[38;5;246mΓöÇ[0m[38;5;246m[[0m src/components/admin/AdminPanel.tsx:836:10 [38;5;246m][0m
     [38;5;246mΓöé[0m
 [38;5;246m836 Γöé[0m [38;5;249m [0m[38;5;249m [0m[38;5;249m [0m[38;5;249m [0m[38;5;249m [0m[38;5;249m 
[0m[38;5;249m [0m[38;5;249m [0m[38;5;249m<[0m/div>
 [38;5;240m    Γöé[0m          ΓöÇΓöÇΓöÇΓö¼ΓöÇΓöÇ  
 [38;5;240m    Γöé[0m             Γò░ΓöÇΓöÇΓöÇΓöÇ 
[38;5;246mΓöÇΓöÇΓöÇΓöÇΓöÇΓò»[0m
[31m
    at aggregateBindingErrorsIntoJsError 
(file:///C:/Users/Admin/Local%20Sites/buscatours/modern-app/node_modules/rolldown/dist/shared/error-BuvQYXuZ.mjs:48:18)
    at unwrapBindingResult (file:///C:/Users/Admin/Local%20Sites/buscatours/modern-app/node_modules/rolldown/dist/share
d/error-BuvQYXuZ.mjs:18:128)
    at #build (file:///C:/Users/Admin/Local%20Sites/buscatours/modern-app/node_modules/rolldown/dist/shared/rolldown-bu
ild-CrPk_lZe.mjs:3246:34)
    at async buildEnvironment 
(file:///C:/Users/Admin/Local%20Sites/buscatours/modern-app/node_modules/vite/dist/node/chunks/node.js:33253:64)
    at async Object.build 
(file:///C:/Users/Admin/Local%20Sites/buscatours/modern-app/node_modules/vite/dist/node/chunks/node.js:33675:19)
    at async Object.buildApp 
(file:///C:/Users/Admin/Local%20Sites/buscatours/modern-app/node_modules/vite/dist/node/chunks/node.js:33672:153)
    at async CAC.<anonymous> 
(file:///C:/Users/Admin/Local%20Sites/buscatours/modern-app/node_modules/vite/dist/node/cli.js:777:3) {
  errors: [Getter/Setter]
}[39m
